[INFO] [UHD] linux; GNU C++ version 11.4.0; Boost_107400; UHD_4.10.0.0-0ubuntu1~jammy1
[INFO] [X300] X300 initialization sequence...
[INFO] [X300] Maximum frame size: 8000 bytes.
[INFO] [X300] Maximum frame size: 8000 bytes.
[INFO] [X300] Radio 1x clock: 200 MHz
[INFO] [X300] X300 initialization sequence...
[INFO] [X300] Maximum frame size: 8000 bytes.
[INFO] [X300] Maximum frame size: 8000 bytes.
[INFO] [X300] Radio 1x clock: 200 MHz
[WARNING] [0/Radio#1] Attempting to set tick rate to 0. Skipping.
[WARNING] [0/Radio#0] Attempting to set tick rate to 0. Skipping.
[rig-check] own session claim honored (token match): ['/home/miwen/miwen_hwrun_20260802/IN_USE']
[rig-check] rig appears free (no UHD/experiment processes, no claim files).
[gr] RX ref_locked=True (10 MHz 外参)
[gate] first capture: peak 0.392 FS (ref 0.335) pm=1783 d0=4621666
[cap 1] d0=4621666 pm=1783 slots=150000 (15s)
[packtest] |g|=0.1171 (ref 0.1155) resid=0.527 (band (0.3, 0.75)) (15s)
[cal clean] reloaded frozen calibration
[cap 2] d0=4077414 pm=2492 slots=879975 (63s)
[cap 3] d0=4135027 pm=5719 slots=879975 (73s)
[cap 4] d0=4113195 pm=3056 slots=879975 (84s)
[cap 5] d0=4120138 pm=1681 slots=879975 (94s)
[cap 6] d0=4088954 pm=1669 slots=879975 (104s)
[cap 7] d0=4133437 pm=1458 slots=879975 (114s)
[cap 8] d0=4123373 pm=1357 slots=879975 (125s)
[cap 9] d0=4114191 pm=1514 slots=879975 (135s)
[cap 10] d0=4121504 pm=1840 slots=879975 (145s)
[cap 11] d0=4076081 pm=2059 slots=879975 (156s)
[cap 12] d0=4091657 pm=1547 slots=879975 (166s)
[cap 13] d0=4094515 pm=1524 slots=879975 (176s)
[cap 14] d0=4114354 pm=1826 slots=879975 (186s)
[cap 15] d0=4094888 pm=1839 slots=879975 (196s)
[cap 16] d0=4113642 pm=3357 slots=879975 (207s)
[cap 17] d0=4113201 pm=2266 slots=879975 (217s)
[cap 18] d0=4106444 pm=1738 slots=879975 (227s)
[cap 19] d0=4130309 pm=1708 slots=879975 (238s)
[cap 20] d0=4126370 pm=1805 slots=879975 (248s)
[cap 21] d0=4111797 pm=1972 slots=879975 (258s)
[cap 22] d0=4103520 pm=1711 slots=879975 (268s)
[cap 23] d0=5417653 pm=2052 slots=336525 (297s)
[cap 24] d0=4109928 pm=2628 slots=880000 (346s)
[cap 25] d0=4128870 pm=1983 slots=880000 (356s)
[cap 26] d0=4113126 pm=1920 slots=880000 (366s)
[cap 27] d0=4109942 pm=2028 slots=880000 (377s)
[cap 28] d0=4110383 pm=1836 slots=880000 (387s)
[cap 29] d0=4098766 pm=2087 slots=880000 (397s)
[cap 30] d0=4120448 pm=2174 slots=880000 (407s)
[cap 31] d0=4090380 pm=2023 slots=880000 (417s)
[cap 32] d0=4102972 pm=2339 slots=880000 (428s)
[cap 33] d0=4122903 pm=2329 slots=880000 (438s)
[cap 34] d0=4116500 pm=2037 slots=880000 (448s)
[cap 35] d0=4094089 pm=2015 slots=880000 (458s)
[cap 36] d0=4105780 pm=2063 slots=880000 (468s)
[cap 37] d0=4124423 pm=2099 slots=880000 (479s)
[cap 38] d0=4087602 pm=2014 slots=880000 (489s)
[cap 39] d0=4088513 pm=2192 slots=880000 (499s)
[cap 40] d0=4120086 pm=2207 slots=880000 (509s)
[cap 41] d0=4126732 pm=2062 slots=880000 (520s)
[cap 42] d0=4095766 pm=1910 slots=880000 (530s)
[cap 43] d0=4104185 pm=2103 slots=880000 (540s)
[cap 44] d0=4116515 pm=1812 slots=880000 (550s)
[cap 45] d0=4084725 pm=2046 slots=880000 (560s)
[cap 46] d0=4104419 pm=2076 slots=880000 (571s)
[cap 47] d0=4106210 pm=1954 slots=880000 (581s)
[cap 48] d0=4092540 pm=2269 slots=880000 (591s)
[cap 49] d0=4096018 pm=2352 slots=880000 (601s)
[cap 50] d0=4083492 pm=2016 slots=880000 (612s)
[cap 51] d0=4123059 pm=2148 slots=880000 (622s)
[cap 52] d0=4122783 pm=2115 slots=880000 (632s)
[cap 53] d0=4093301 pm=2005 slots=880000 (642s)
[cap 54] d0=4113726 pm=1989 slots=880000 (652s)
[cap 55] d0=4119305 pm=2073 slots=880000 (663s)
[cap 56] d0=4104466 pm=2143 slots=880000 (673s)
[cap 57] d0=4094423 pm=2098 slots=880000 (683s)
[cap 58] d0=4090353 pm=1904 slots=880000 (693s)
[cap 59] d0=4130608 pm=2090 slots=880000 (703s)
[cap 60] d0=4104515 pm=1926 slots=880000 (714s)
[cap 61] d0=4110799 pm=1963 slots=880000 (724s)
[cap 62] d0=4121992 pm=2144 slots=880000 (734s)
[cap 63] d0=4100375 pm=2019 slots=880000 (744s)
[cap 64] d0=4088695 pm=2223 slots=880000 (754s)
[cap 65] d0=4098743 pm=2304 slots=880000 (765s)
[cap 66] d0=4128144 pm=2029 slots=880000 (775s)
[cap 67] d0=4106557 pm=1951 slots=880000 (785s)
[cap 68] d0=4088491 pm=2098 slots=880000 (795s)
[cap 69] d0=4103538 pm=2152 slots=880000 (806s)
[cap 70] d0=4120148 pm=2049 slots=880000 (816s)
[cap 71] d0=4098091 pm=2192 slots=880000 (826s)
[cap 72] d0=4126510 pm=2123 slots=880000 (836s)
[cap 73] d0=4088606 pm=2031 slots=880000 (847s)
[cap 74] d0=4102532 pm=1899 slots=880000 (857s)
[cap 75] d0=4090336 pm=2131 slots=880000 (867s)
[cap 76] d0=4077856 pm=1856 slots=880000 (877s)
[cap 77] d0=4118120 pm=1972 slots=880000 (888s)
[cap 78] d0=4091685 pm=2199 slots=880000 (898s)
[cap 79] d0=4100386 pm=1960 slots=880000 (908s)
[cap 80] d0=4086709 pm=2085 slots=880000 (918s)
[cap 81] d0=4092328 pm=2168 slots=880000 (928s)
[cap 82] d0=1631486 pm=2437 slots=160000 (938s)
[cap 83] d0=4089468 pm=3232 slots=880000 (987s)
[cap 84] d0=4116361 pm=2487 slots=880000 (998s)
[cap 85] d0=3617767 pm=3075 slots=288000 (1014s)
[cap 86] d0=2629949 pm=2055 slots=55040 (1020s)
[run clean] 10/65: running acc 0.00 (1020s)
[cap 87] d0=4124361 pm=2145 slots=879975 (1069s)
[cap 88] d0=4095144 pm=1633 slots=879975 (1079s)
[cap 89] d0=4119203 pm=2756 slots=879975 (1089s)
[cap 90] d0=4131959 pm=2983 slots=879975 (1099s)
[cap 91] d0=4085280 pm=3016 slots=879975 (1110s)
[cap 92] d0=4126454 pm=1394 slots=879975 (1120s)
[cap 93] d0=4105829 pm=1467 slots=879975 (1130s)
[cap 94] d0=4122284 pm=1615 slots=879975 (1141s)
[cap 95] d0=4107507 pm=1690 slots=879975 (1151s)
[cap 96] d0=4095508 pm=1790 slots=879975 (1161s)
[cap 97] d0=4115922 pm=9053 slots=879975 (1172s)
[cap 98] d0=4095649 pm=10163 slots=879975 (1182s)
[cap 99] d0=4124438 pm=2445 slots=879975 (1192s)
[cap 100] d0=4110055 pm=1820 slots=879975 (1202s)
[cap 101] d0=4103038 pm=1522 slots=879975 (1213s)
[cap 102] d0=4123606 pm=1895 slots=879975 (1223s)
[cap 103] d0=4108637 pm=1962 slots=879975 (1233s)
[cap 104] d0=4094520 pm=1666 slots=879975 (1243s)
[cap 105] d0=4092945 pm=1798 slots=879975 (1254s)
[cap 106] d0=4110640 pm=1651 slots=879975 (1264s)
[cap 107] d0=4107680 pm=1487 slots=879975 (1274s)
[cap 108] d0=5797439 pm=2445 slots=336525 (1303s)
[cap 109] d0=4125834 pm=2569 slots=880000 (1352s)
[cap 110] d0=4095103 pm=2091 slots=880000 (1362s)
[cap 111] d0=4123068 pm=2073 slots=880000 (1372s)
[cap 112] d0=4115558 pm=2009 slots=880000 (1382s)
[cap 113] d0=4123836 pm=1781 slots=880000 (1393s)
[cap 114] d0=4122254 pm=2025 slots=880000 (1403s)
[cap 115] d0=4122263 pm=2290 slots=880000 (1413s)
[cap 116] d0=4120636 pm=2032 slots=880000 (1423s)
[cap 117] d0=4123203 pm=2181 slots=880000 (1433s)
[cap 118] d0=4086088 pm=2172 slots=880000 (1444s)
[cap 119] d0=4112024 pm=2000 slots=880000 (1454s)
[cap 120] d0=4079695 pm=1926 slots=880000 (1464s)
[cap 121] d0=4101752 pm=1970 slots=880000 (1474s)
[cap 122] d0=4119222 pm=2126 slots=880000 (1485s)
[cap 123] d0=4105548 pm=2101 slots=880000 (1495s)
[cap 124] d0=4131099 pm=2177 slots=880000 (1505s)
[cap 125] d0=4131220 pm=2194 slots=880000 (1515s)
[cap 126] d0=4112351 pm=2240 slots=880000 (1526s)
[cap 127] d0=4095241 pm=2105 slots=880000 (1536s)
[cap 128] d0=4083225 pm=2031 slots=880000 (1546s)
[cap 129] d0=4077574 pm=1849 slots=880000 (1556s)
[cap 130] d0=4092040 pm=1991 slots=880000 (1567s)
[cap 131] d0=4123396 pm=2198 slots=880000 (1577s)
[cap 132] d0=4094283 pm=2110 slots=880000 (1587s)
[cap 133] d0=4084397 pm=2171 slots=880000 (1597s)
[cap 134] d0=4110304 pm=2259 slots=880000 (1608s)
[cap 135] d0=4099667 pm=2030 slots=880000 (1618s)
[cap 136] d0=4085233 pm=1953 slots=880000 (1628s)
[cap 137] d0=4124529 pm=1910 slots=880000 (1638s)
[cap 138] d0=4104595 pm=1845 slots=880000 (1648s)
[cap 139] d0=4112877 pm=2035 slots=880000 (1659s)
[cap 140] d0=4111621 pm=2220 slots=880000 (1669s)
[cap 141] d0=4080754 pm=2233 slots=880000 (1679s)
[cap 142] d0=4111313 pm=1960 slots=880000 (1689s)
[cap 143] d0=4103599 pm=1886 slots=880000 (1699s)
[cap 144] d0=4123602 pm=2200 slots=880000 (1710s)
[cap 145] d0=4112907 pm=1956 slots=880000 (1720s)
[cap 146] d0=4100355 pm=2001 slots=880000 (1730s)
[cap 147] d0=4113670 pm=2118 slots=880000 (1740s)
[cap 148] d0=4137509 pm=1945 slots=880000 (1750s)
[cap 149] d0=4101744 pm=1992 slots=880000 (1761s)
[cap 150] d0=4093232 pm=2274 slots=880000 (1771s)
[cap 151] d0=4086330 pm=2111 slots=880000 (1781s)
[cap 152] d0=4081486 pm=2044 slots=880000 (1791s)
[cap 153] d0=4132852 pm=1904 slots=880000 (1802s)
[cap 154] d0=4108247 pm=1979 slots=880000 (1812s)
[cap 155] d0=4089141 pm=2182 slots=880000 (1822s)
[cap 156] d0=4117455 pm=2077 slots=880000 (1832s)
[cap 157] d0=4080525 pm=2045 slots=880000 (1842s)
[cap 158] d0=4131703 pm=2021 slots=880000 (1853s)
[cap 159] d0=4107335 pm=1929 slots=880000 (1863s)
[cap 160] d0=4100047 pm=2086 slots=880000 (1873s)
[cap 161] d0=4118884 pm=1883 slots=880000 (1883s)
[cap 162] d0=4108997 pm=2175 slots=880000 (1893s)
[cap 163] d0=4089319 pm=2287 slots=880000 (1904s)
[cap 164] d0=4139838 pm=1997 slots=880000 (1914s)
[cap 165] d0=4089030 pm=2046 slots=880000 (1924s)
[cap 166] d0=4108738 pm=2313 slots=880000 (1934s)
[cap 167] d0=1590922 pm=2587 slots=160000 (1944s)
[cap 168] d0=4113536 pm=3163 slots=880000 (1993s)
[cap 169] d0=4109405 pm=2538 slots=880000 (2003s)
[cap 170] d0=3623369 pm=3069 slots=288000 (2020s)
[cap 171] d0=2590013 pm=2044 slots=55040 (2026s)
[run clean] 20/65: running acc 0.00 (2026s)
[cap 172] d0=4133022 pm=2262 slots=879975 (2074s)
[cap 173] d0=4121069 pm=1696 slots=879975 (2085s)
[cap 174] d0=4116230 pm=2415 slots=879975 (2095s)
[cap 175] d0=4084040 pm=2952 slots=879975 (2105s)
[cap 176] d0=4122755 pm=2944 slots=879975 (2115s)
[cap 177] d0=4086570 pm=2471 slots=879975 (2126s)
[cap 178] d0=4080244 pm=1468 slots=879975 (2136s)
[cap 179] d0=4105987 pm=1523 slots=879975 (2146s)
[cap 180] d0=4086639 pm=1609 slots=879975 (2156s)
[cap 181] d0=4093427 pm=1894 slots=879975 (2167s)
[cap 182] d0=4119779 pm=4294 slots=879975 (2177s)
[cap 183] d0=4093940 pm=3380 slots=879975 (2187s)
[cap 184] d0=4087586 pm=1869 slots=879975 (2197s)
[cap 185] d0=4101450 pm=1904 slots=879975 (2207s)
[cap 186] d0=4080717 pm=2012 slots=879975 (2218s)
[cap 187] d0=4076324 pm=2271 slots=879975 (2228s)
[cap 188] d0=4097414 pm=1739 slots=879975 (2238s)
[cap 189] d0=4101954 pm=1641 slots=879975 (2248s)
[cap 190] d0=4091166 pm=1617 slots=879975 (2259s)
[cap 191] d0=4103705 pm=2133 slots=879975 (2269s)
[cap 192] d0=4097150 pm=2586 slots=879975 (2279s)
[cap 193] d0=4514546 pm=2404 slots=336525 (2309s)
[cap 194] d0=4124827 pm=2602 slots=880000 (2358s)
[cap 195] d0=4102351 pm=2026 slots=880000 (2368s)
[cap 196] d0=4109242 pm=1939 slots=880000 (2378s)
[cap 197] d0=4091838 pm=2061 slots=880000 (2389s)
[cap 198] d0=4087492 pm=1866 slots=880000 (2399s)
[cap 199] d0=4089026 pm=2097 slots=880000 (2409s)
[cap 200] d0=4122267 pm=2085 slots=880000 (2419s)
[cap 201] d0=4091852 pm=1982 slots=880000 (2430s)
[cap 202] d0=4105385 pm=2727 slots=880000 (2440s)
[cap 203] d0=4110507 pm=2593 slots=880000 (2450s)
[cap 204] d0=4088395 pm=2162 slots=880000 (2460s)
[cap 205] d0=4103008 pm=2086 slots=880000 (2471s)
[cap 206] d0=4121094 pm=2017 slots=880000 (2481s)
[cap 207] d0=4100220 pm=1991 slots=880000 (2491s)
[cap 208] d0=4098886 pm=2037 slots=880000 (2501s)
[cap 209] d0=4101744 pm=2113 slots=880000 (2511s)
[cap 210] d0=4115886 pm=2144 slots=880000 (2522s)
[cap 211] d0=4139790 pm=1987 slots=880000 (2532s)
[cap 212] d0=4132830 pm=1848 slots=880000 (2542s)
[cap 213] d0=4093384 pm=1990 slots=880000 (2552s)
[cap 214] d0=4102194 pm=1863 slots=880000 (2562s)
[cap 215] d0=4105953 pm=1956 slots=880000 (2573s)
[cap 216] d0=4115188 pm=2056 slots=880000 (2583s)
[cap 217] d0=4089363 pm=1957 slots=880000 (2593s)
[cap 218] d0=4128433 pm=2089 slots=880000 (2603s)
[cap 219] d0=4082279 pm=2019 slots=880000 (2613s)
[cap 220] d0=4078220 pm=2083 slots=880000 (2624s)
[cap 221] d0=4085262 pm=2122 slots=880000 (2634s)
[cap 222] d0=4097247 pm=1974 slots=880000 (2644s)
[cap 223] d0=4129537 pm=2141 slots=880000 (2654s)
[cap 224] d0=4105993 pm=2150 slots=880000 (2665s)
[cap 225] d0=4106105 pm=2243 slots=880000 (2675s)
[cap 226] d0=4131797 pm=2326 slots=880000 (2685s)
[cap 227] d0=4119374 pm=2100 slots=880000 (2696s)
[cap 228] d0=4126819 pm=1971 slots=880000 (2706s)
[cap 229] d0=4120434 pm=2163 slots=880000 (2716s)
[cap 230] d0=4108988 pm=1955 slots=880000 (2726s)
[cap 231] d0=4110549 pm=2129 slots=880000 (2737s)
[cap 232] d0=4082276 pm=2358 slots=880000 (2747s)
[cap 233] d0=4073011 pm=1985 slots=880000 (2757s)
[cap 234] d0=4103969 pm=2068 slots=880000 (2767s)
[cap 235] d0=4083466 pm=2250 slots=880000 (2777s)
[cap 236] d0=4113361 pm=2110 slots=880000 (2788s)
[cap 237] d0=4109846 pm=1967 slots=880000 (2798s)
[cap 238] d0=4098105 pm=2009 slots=880000 (2808s)
[cap 239] d0=4120809 pm=2103 slots=880000 (2818s)
[cap 240] d0=4125044 pm=2074 slots=880000 (2829s)
[cap 241] d0=4109682 pm=2147 slots=880000 (2839s)
[cap 242] d0=4090227 pm=2077 slots=880000 (2849s)
[cap 243] d0=4127851 pm=1895 slots=880000 (2859s)
[cap 244] d0=4116322 pm=1847 slots=880000 (2869s)
[cap 245] d0=4086841 pm=2061 slots=880000 (2880s)
[cap 246] d0=4077892 pm=1910 slots=880000 (2890s)
[cap 247] d0=4120531 pm=2113 slots=880000 (2900s)
[cap 248] d0=4117113 pm=2286 slots=880000 (2910s)
[cap 249] d0=4135584 pm=2000 slots=880000 (2920s)
[cap 250] d0=4109438 pm=2104 slots=880000 (2931s)
[cap 251] d0=4123642 pm=2285 slots=880000 (2941s)
[cap 252] d0=6767095 pm=2541 slots=160000 (2951s)
[cap 253] d0=4092458 pm=3040 slots=880000 (2999s)
[cap 254] d0=4095875 pm=2501 slots=880000 (3010s)
[cap 255] d0=3615019 pm=3105 slots=288000 (3026s)
[cap 256] d0=2619869 pm=2062 slots=55040 (3032s)
[run clean] 30/65: running acc 0.00 (3032s)
[cap 257] d0=4111472 pm=2509 slots=879975 (3081s)
[cap 258] d0=4083124 pm=1620 slots=879975 (3091s)
[cap 259] d0=4076623 pm=1637 slots=879975 (3101s)
[cap 260] d0=4078564 pm=1651 slots=879975 (3111s)
[cap 261] d0=4124631 pm=1490 slots=879975 (3122s)
[cap 262] d0=4079734 pm=1569 slots=879975 (3132s)
[cap 263] d0=4096579 pm=1561 slots=879975 (3142s)
[cap 264] d0=4095286 pm=1450 slots=879975 (3152s)
[cap 265] d0=4132077 pm=2491 slots=879975 (3162s)
[cap 266] d0=4134414 pm=2115 slots=879975 (3173s)
[cap 267] d0=4118061 pm=2076 slots=879975 (3183s)
[cap 268] d0=4090724 pm=2634 slots=879975 (3193s)
[cap 269] d0=4121199 pm=1593 slots=879975 (3203s)
[cap 270] d0=4118967 pm=1955 slots=879975 (3213s)
[cap 271] d0=4107192 pm=2504 slots=879975 (3224s)
[cap 272] d0=4132523 pm=1448 slots=879975 (3234s)
[cap 273] d0=4125392 pm=1558 slots=879975 (3244s)
[cap 274] d0=4095512 pm=1834 slots=879975 (3254s)
[cap 275] d0=4105512 pm=1650 slots=879975 (3265s)
[cap 276] d0=4125865 pm=1583 slots=879975 (3275s)
[cap 277] d0=4083296 pm=1902 slots=879975 (3285s)
[cap 278] d0=6175633 pm=2729 slots=336525 (3314s)
[cap 279] d0=4099620 pm=2744 slots=880000 (3363s)
[cap 280] d0=4132236 pm=2187 slots=880000 (3373s)
[cap 281] d0=4083619 pm=2266 slots=880000 (3383s)
[cap 282] d0=4129974 pm=2242 slots=880000 (3393s)
[cap 283] d0=4104313 pm=2035 slots=880000 (3403s)
[cap 284] d0=4101303 pm=2219 slots=880000 (3414s)
[cap 285] d0=4111672 pm=2141 slots=880000 (3424s)
[cap 286] d0=4105704 pm=2025 slots=880000 (3434s)
[cap 287] d0=4101604 pm=2193 slots=880000 (3444s)
[cap 288] d0=4106591 pm=2303 slots=880000 (3455s)
[cap 289] d0=4091442 pm=2090 slots=880000 (3465s)
[cap 290] d0=4122580 pm=2074 slots=880000 (3475s)
[cap 291] d0=4114164 pm=2070 slots=880000 (3485s)
[cap 292] d0=4081648 pm=1929 slots=880000 (3496s)
[cap 293] d0=4108503 pm=1916 slots=880000 (3506s)
[cap 294] d0=4106316 pm=2133 slots=880000 (3516s)
[cap 295] d0=4109704 pm=2066 slots=880000 (3526s)
[cap 296] d0=4121857 pm=1983 slots=880000 (3536s)
[cap 297] d0=4115715 pm=1899 slots=880000 (3546s)
[cap 298] d0=4131920 pm=2004 slots=880000 (3557s)
[cap 299] d0=4091225 pm=1913 slots=880000 (3567s)
[cap 300] d0=4098106 pm=2006 slots=880000 (3577s)
[cap 301] d0=4116539 pm=2117 slots=880000 (3587s)
[cap 302] d0=4117726 pm=1930 slots=880000 (3598s)
[cap 303] d0=4098258 pm=2228 slots=880000 (3608s)
[cap 304] d0=4118170 pm=2245 slots=880000 (3618s)
[cap 305] d0=4101600 pm=1997 slots=880000 (3628s)
[cap 306] d0=4103871 pm=2053 slots=880000 (3639s)
[cap 307] d0=4113195 pm=1978 slots=880000 (3649s)
[cap 308] d0=4095443 pm=1990 slots=880000 (3659s)
[cap 309] d0=4126609 pm=2030 slots=880000 (3669s)
[cap 310] d0=4135111 pm=2120 slots=880000 (3680s)
[cap 311] d0=4096708 pm=2119 slots=880000 (3690s)
[cap 312] d0=4124776 pm=1919 slots=880000 (3700s)
[cap 313] d0=4089054 pm=1837 slots=880000 (3710s)
[cap 314] d0=4095255 pm=2129 slots=880000 (3720s)
[cap 315] d0=4113765 pm=2001 slots=880000 (3730s)
[cap 316] d0=4125766 pm=2182 slots=880000 (3741s)
[cap 317] d0=4100579 pm=2269 slots=880000 (3751s)
[cap 318] d0=4109347 pm=2075 slots=880000 (3761s)
[cap 319] d0=4096897 pm=2242 slots=880000 (3771s)
[cap 320] d0=4101511 pm=2230 slots=880000 (3781s)
[cap 321] d0=4089012 pm=2138 slots=880000 (3792s)
[cap 322] d0=4103971 pm=2076 slots=880000 (3802s)
[cap 323] d0=4103881 pm=1977 slots=880000 (3812s)
[cap 324] d0=4112129 pm=2060 slots=880000 (3822s)
[cap 325] d0=4089543 pm=2044 slots=880000 (3833s)
[cap 326] d0=4120669 pm=2136 slots=880000 (3843s)
[cap 327] d0=4122651 pm=2139 slots=880000 (3853s)
[cap 328] d0=4113741 pm=1985 slots=880000 (3863s)
[cap 329] d0=4120880 pm=1871 slots=880000 (3873s)
[cap 330] d0=4105171 pm=2072 slots=880000 (3884s)
[cap 331] d0=4116384 pm=1903 slots=880000 (3894s)
[cap 332] d0=4093242 pm=2201 slots=880000 (3904s)
[cap 333] d0=4124559 pm=2052 slots=880000 (3914s)
[cap 334] d0=4130103 pm=1999 slots=880000 (3924s)
[cap 335] d0=4098401 pm=2134 slots=880000 (3935s)
[cap 336] d0=4082306 pm=2254 slots=880000 (3945s)
[cap 337] d0=6767633 pm=2658 slots=160000 (3955s)
[cap 338] d0=4103797 pm=3106 slots=880000 (4004s)
[cap 339] d0=4115689 pm=2396 slots=880000 (4014s)
[cap 340] d0=3606364 pm=3042 slots=288000 (4030s)
[cap 341] d0=2602949 pm=2056 slots=55040 (4037s)
[run clean] 40/65: running acc 2.50 (4037s)
[cap 342] d0=4139217 pm=2405 slots=879975 (4085s)
[cap 343] d0=4096763 pm=1530 slots=879975 (4095s)
[cap 344] d0=4108454 pm=1632 slots=879975 (4106s)
[cap 345] d0=4108695 pm=1502 slots=879975 (4116s)
[cap 346] d0=4124754 pm=1483 slots=879975 (4126s)
[cap 347] d0=4087698 pm=1448 slots=879975 (4136s)
[cap 348] d0=4099899 pm=1585 slots=879975 (4147s)
[cap 349] d0=4120673 pm=1579 slots=879975 (4157s)
[cap 350] d0=4128874 pm=1812 slots=879975 (4167s)
[cap 351] d0=4133737 pm=1971 slots=879975 (4177s)
[cap 352] d0=4086115 pm=2225 slots=879975 (4187s)
[cap 353] d0=4125957 pm=1732 slots=879975 (4198s)
[cap 354] d0=4118045 pm=1926 slots=879975 (4208s)
[cap 355] d0=4094280 pm=1918 slots=879975 (4218s)
[cap 356] d0=4091611 pm=1541 slots=879975 (4228s)
[cap 357] d0=4085154 pm=1547 slots=879975 (4238s)
[cap 358] d0=4112762 pm=1549 slots=879975 (4249s)
[cap 359] d0=4134930 pm=1752 slots=879975 (4259s)
[cap 360] d0=4095100 pm=2246 slots=879975 (4269s)
[cap 361] d0=4084487 pm=1705 slots=879975 (4279s)
[cap 362] d0=4128743 pm=2473 slots=879975 (4290s)
[cap 363] d0=5098060 pm=2475 slots=336525 (4319s)
[cap 364] d0=4120462 pm=2688 slots=880000 (4368s)
[cap 365] d0=4111052 pm=2081 slots=880000 (4378s)
[cap 366] d0=4111973 pm=1926 slots=880000 (4388s)
[cap 367] d0=4091934 pm=2154 slots=880000 (4398s)
[cap 368] d0=4125183 pm=1991 slots=880000 (4409s)
[cap 369] d0=4125691 pm=2127 slots=880000 (4419s)
[cap 370] d0=4094453 pm=2204 slots=880000 (4429s)
[cap 371] d0=4125946 pm=2036 slots=880000 (4439s)
[cap 372] d0=4082597 pm=2070 slots=880000 (4450s)
[cap 373] d0=4088987 pm=2204 slots=880000 (4460s)
[cap 374] d0=4111928 pm=1909 slots=880000 (4470s)
[cap 375] d0=4111642 pm=1973 slots=880000 (4480s)
[cap 376] d0=4100173 pm=2124 slots=880000 (4490s)
[cap 377] d0=4106604 pm=2032 slots=880000 (4501s)
[cap 378] d0=4090548 pm=1999 slots=880000 (4511s)
[cap 379] d0=4121764 pm=2116 slots=880000 (4521s)
[cap 380] d0=4114660 pm=2110 slots=880000 (4531s)
[cap 381] d0=4080096 pm=2106 slots=880000 (4541s)
[cap 382] d0=4115653 pm=2111 slots=880000 (4552s)
[cap 383] d0=4090484 pm=2095 slots=880000 (4562s)
[cap 384] d0=4117095 pm=1823 slots=880000 (4572s)
[cap 385] d0=4127743 pm=2034 slots=880000 (4582s)
[cap 386] d0=4092814 pm=2324 slots=880000 (4592s)
[cap 387] d0=4118769 pm=2000 slots=880000 (4603s)
[cap 388] d0=4104728 pm=2163 slots=880000 (4613s)
[cap 389] d0=4094294 pm=2230 slots=880000 (4623s)
[cap 390] d0=4093122 pm=2102 slots=880000 (4633s)
[cap 391] d0=4119719 pm=2164 slots=880000 (4644s)
[cap 392] d0=4095415 pm=2123 slots=880000 (4654s)
[cap 393] d0=4116080 pm=2181 slots=880000 (4664s)
[cap 394] d0=4117814 pm=2106 slots=880000 (4674s)
[cap 395] d0=4128169 pm=2110 slots=880000 (4684s)
[cap 396] d0=4120588 pm=2068 slots=880000 (4695s)
[cap 397] d0=4103998 pm=2051 slots=880000 (4705s)
[cap 398] d0=4088375 pm=1957 slots=880000 (4715s)
[cap 399] d0=4120498 pm=2249 slots=880000 (4725s)
[cap 400] d0=4104304 pm=2002 slots=880000 (4736s)
[cap 401] d0=4106023 pm=1926 slots=880000 (4746s)
[cap 402] d0=4129802 pm=2055 slots=880000 (4756s)
[cap 403] d0=4117956 pm=1972 slots=880000 (4767s)
[cap 404] d0=4136931 pm=2154 slots=880000 (4777s)
[cap 405] d0=4101701 pm=2164 slots=880000 (4787s)
[cap 406] d0=4098843 pm=1989 slots=880000 (4797s)
[cap 407] d0=4085296 pm=2007 slots=880000 (4807s)
[cap 408] d0=4103512 pm=1928 slots=880000 (4818s)
[cap 409] d0=4086666 pm=1985 slots=880000 (4828s)
[cap 410] d0=4103221 pm=2119 slots=880000 (4838s)
[cap 411] d0=4112619 pm=2397 slots=880000 (4848s)
[cap 412] d0=4091313 pm=2395 slots=880000 (4859s)
[cap 413] d0=4098065 pm=1958 slots=880000 (4869s)
[cap 414] d0=4123866 pm=1946 slots=880000 (4879s)
[cap 415] d0=4094592 pm=1943 slots=880000 (4889s)
[cap 416] d0=4107638 pm=1881 slots=880000 (4899s)
[cap 417] d0=4109660 pm=2154 slots=880000 (4909s)
[cap 418] d0=4133353 pm=2225 slots=880000 (4920s)
[cap 419] d0=4098602 pm=2085 slots=880000 (4930s)
[cap 420] d0=4118437 pm=2304 slots=880000 (4940s)
[cap 421] d0=4096184 pm=2309 slots=880000 (4950s)
[cap 422] d0=6766509 pm=2791 slots=160000 (4960s)
[cap 423] d0=4120533 pm=3226 slots=880000 (5009s)
[cap 424] d0=4101538 pm=2681 slots=880000 (5019s)
[cap 425] d0=3623145 pm=3188 slots=288000 (5036s)
[cap 426] d0=2582115 pm=2026 slots=55040 (5042s)
[run clean] 50/65: running acc 2.00 (5042s)
[cap 427] d0=4122818 pm=2000 slots=879975 (5090s)
[cap 428] d0=4123406 pm=1655 slots=879975 (5100s)
[cap 429] d0=4114850 pm=1659 slots=879975 (5110s)
[cap 430] d0=4130064 pm=1795 slots=879975 (5121s)
[cap 431] d0=4097494 pm=1579 slots=879975 (5131s)
[cap 432] d0=4089534 pm=1527 slots=879975 (5141s)
[cap 433] d0=4108651 pm=1594 slots=879975 (5151s)
[cap 434] d0=4103184 pm=1921 slots=879975 (5162s)
[cap 435] d0=4116056 pm=2018 slots=879975 (5172s)
[cap 436] d0=4103658 pm=1918 slots=879975 (5182s)
[cap 437] d0=4083541 pm=1885 slots=879975 (5192s)
[cap 438] d0=4100312 pm=1898 slots=879975 (5202s)
[cap 439] d0=4085321 pm=1479 slots=879975 (5213s)
[cap 440] d0=4108569 pm=1692 slots=879975 (5223s)
[cap 441] d0=4099569 pm=2202 slots=879975 (5233s)
[cap 442] d0=4092301 pm=1870 slots=879975 (5244s)
[cap 443] d0=4135088 pm=1775 slots=879975 (5254s)
[cap 444] d0=4117825 pm=1655 slots=879975 (5264s)
[cap 445] d0=4108080 pm=1746 slots=879975 (5274s)
[cap 446] d0=4092056 pm=2044 slots=879975 (5284s)
[cap 447] d0=4081236 pm=1944 slots=879975 (5295s)
[cap 448] d0=4206974 pm=2206 slots=336525 (5324s)
[cap 449] d0=4099280 pm=2600 slots=880000 (5373s)
[cap 450] d0=4100296 pm=2060 slots=880000 (5383s)
[cap 451] d0=4098998 pm=1939 slots=880000 (5393s)
[cap 452] d0=4101523 pm=2043 slots=880000 (5403s)
[cap 453] d0=4109348 pm=1822 slots=880000 (5414s)
[cap 454] d0=4130220 pm=1978 slots=880000 (5424s)
[cap 455] d0=4093990 pm=2216 slots=880000 (5434s)
[cap 456] d0=4125802 pm=2010 slots=880000 (5444s)
[cap 457] d0=4129413 pm=2152 slots=880000 (5454s)
[cap 458] d0=4123388 pm=2208 slots=880000 (5465s)
[cap 459] d0=4083199 pm=2007 slots=880000 (5475s)
[cap 460] d0=4128739 pm=2026 slots=880000 (5485s)
[cap 461] d0=4113440 pm=2042 slots=880000 (5495s)
[cap 462] d0=4089370 pm=1973 slots=880000 (5505s)
[cap 463] d0=4102288 pm=2037 slots=880000 (5516s)
[cap 464] d0=4122984 pm=2186 slots=880000 (5526s)
[cap 465] d0=4123341 pm=2190 slots=880000 (5536s)
[cap 466] d0=4130916 pm=2055 slots=880000 (5546s)
[cap 467] d0=4081122 pm=2033 slots=880000 (5556s)
[cap 468] d0=4076745 pm=2072 slots=880000 (5567s)
[cap 469] d0=4125795 pm=2191 slots=880000 (5577s)
[cap 470] d0=4129266 pm=2139 slots=880000 (5587s)
[cap 471] d0=4089768 pm=2269 slots=880000 (5597s)
[cap 472] d0=4118850 pm=2016 slots=880000 (5607s)
[cap 473] d0=4087418 pm=2123 slots=880000 (5618s)
[cap 474] d0=4103490 pm=2316 slots=880000 (5628s)
[cap 475] d0=4123539 pm=2096 slots=880000 (5638s)
[cap 476] d0=4096575 pm=2015 slots=880000 (5648s)
[cap 477] d0=4105387 pm=2079 slots=880000 (5659s)
[cap 478] d0=4105941 pm=2103 slots=880000 (5669s)
[cap 479] d0=4125463 pm=2079 slots=880000 (5679s)
[cap 480] d0=4139363 pm=2253 slots=880000 (5689s)
[cap 481] d0=4123979 pm=2186 slots=880000 (5700s)
[cap 482] d0=4128180 pm=2050 slots=880000 (5710s)
[cap 483] d0=4111261 pm=1882 slots=880000 (5720s)
[cap 484] d0=4126540 pm=2049 slots=880000 (5730s)
[cap 485] d0=4113742 pm=1871 slots=880000 (5740s)
[cap 486] d0=4128398 pm=2000 slots=880000 (5751s)
[cap 487] d0=4124867 pm=2098 slots=880000 (5761s)
[cap 488] d0=4094809 pm=1925 slots=880000 (5771s)
[cap 489] d0=4128361 pm=2128 slots=880000 (5781s)
[cap 490] d0=4090814 pm=2053 slots=880000 (5792s)
[cap 491] d0=4087782 pm=2258 slots=880000 (5802s)
[cap 492] d0=4104325 pm=2067 slots=880000 (5812s)
[cap 493] d0=4087039 pm=2034 slots=880000 (5822s)
[cap 494] d0=4116105 pm=2110 slots=880000 (5833s)
[cap 495] d0=4128959 pm=2089 slots=880000 (5843s)
[cap 496] d0=4095742 pm=2255 slots=880000 (5853s)
[cap 497] d0=4107492 pm=2127 slots=880000 (5863s)
[cap 498] d0=4102383 pm=1967 slots=880000 (5873s)
[cap 499] d0=4088311 pm=1836 slots=880000 (5884s)
[cap 500] d0=4086854 pm=2065 slots=880000 (5894s)
[cap 501] d0=4124234 pm=1864 slots=880000 (5904s)
[cap 502] d0=4095629 pm=2017 slots=880000 (5914s)
[cap 503] d0=4098140 pm=2164 slots=880000 (5925s)
[cap 504] d0=4116489 pm=1982 slots=880000 (5935s)
[cap 505] d0=4091680 pm=2084 slots=880000 (5945s)
[cap 506] d0=4112040 pm=2161 slots=880000 (5955s)
[cap 507] d0=6770904 pm=2412 slots=160000 (5965s)
[cap 508] d0=4133331 pm=3126 slots=880000 (6014s)
[cap 509] d0=4095108 pm=2352 slots=880000 (6024s)
[cap 510] d0=3596556 pm=3156 slots=288000 (6040s)
[cap 511] d0=839006 pm=2057 slots=55040 (6046s)
[run clean] 60/65: running acc 3.33 (6046s)
[cap 512] d0=4089591 pm=2549 slots=879975 (6095s)
[cap 513] d0=4126485 pm=1841 slots=879975 (6105s)
[cap 514] d0=4087894 pm=2447 slots=879975 (6115s)
[cap 515] d0=4107807 pm=1569 slots=879975 (6126s)
[cap 516] d0=4126485 pm=1408 slots=879975 (6136s)
[cap 517] d0=4101858 pm=1445 slots=879975 (6146s)
[cap 518] d0=4090880 pm=1431 slots=879975 (6156s)
[cap 519] d0=4105815 pm=1552 slots=879975 (6166s)
[cap 520] d0=4096657 pm=1563 slots=879975 (6177s)
[cap 521] d0=4121618 pm=1721 slots=879975 (6187s)
[cap 522] d0=5950026 pm=2148 slots=608250 (6239s)
[cap 523] d0=4087175 pm=2618 slots=880000 (6288s)
[cap 524] d0=4089331 pm=2104 slots=880000 (6299s)
[cap 525] d0=4122056 pm=2129 slots=880000 (6309s)
[cap 526] d0=4118839 pm=2109 slots=880000 (6319s)
[cap 527] d0=4107007 pm=2016 slots=880000 (6329s)
[cap 528] d0=4112178 pm=2042 slots=880000 (6339s)
[cap 529] d0=4118824 pm=2114 slots=880000 (6350s)
[cap 530] d0=4084656 pm=2147 slots=880000 (6360s)
[cap 531] d0=4091902 pm=2143 slots=880000 (6370s)
[cap 532] d0=4080088 pm=2171 slots=880000 (6380s)
[cap 533] d0=4117585 pm=1997 slots=880000 (6390s)
[cap 534] d0=4080824 pm=1942 slots=880000 (6401s)
[cap 535] d0=4106203 pm=2086 slots=880000 (6411s)
[cap 536] d0=4133361 pm=2143 slots=880000 (6421s)
[cap 537] d0=4125237 pm=2091 slots=880000 (6431s)
[cap 538] d0=4089477 pm=2294 slots=880000 (6442s)
[cap 539] d0=4119609 pm=2294 slots=880000 (6452s)
[cap 540] d0=4117522 pm=2074 slots=880000 (6462s)
[cap 541] d0=4125220 pm=2010 slots=880000 (6472s)
[cap 542] d0=4094985 pm=2201 slots=880000 (6482s)
[cap 543] d0=4084824 pm=1948 slots=880000 (6493s)
[cap 544] d0=4118763 pm=2037 slots=880000 (6503s)
[cap 545] d0=4089027 pm=2313 slots=880000 (6513s)
[cap 546] d0=4107806 pm=1962 slots=880000 (6523s)
[cap 547] d0=4108381 pm=2206 slots=880000 (6534s)
[cap 548] d0=4094363 pm=2211 slots=880000 (6544s)
[cap 549] d0=4119935 pm=2082 slots=880000 (6554s)
[cap 550] d0=4081640 pm=1998 slots=880000 (6564s)
[cap 551] d0=4114620 pm=1863 slots=880000 (6574s)
[cap 552] d0=1712256 pm=2495 slots=80000 (6581s)
[cap 553] d0=4111814 pm=3206 slots=880000 (6629s)
[cap 554] d0=3696255 pm=3086 slots=144000 (6639s)
[cap 555] d0=3757907 pm=76 slots=27520 (6643s)
[run clean] 65/65: running acc 3.08 (6643s)
[run clean] [150:215] FINAL: 3.08
[clean] saved
